C:\Users\joelm\Downloads\igav\node_modules\.pnpm\@prisma+client@7.4.2_prisma_49b4b128965f74ea9bbd7586bc0c7d7a\node_modules\@prisma\client\src\runtime\getPrismaClient.ts:260
        throw new PrismaClientInitializationError(
              ^

PrismaClientInitializationError: `PrismaClient` needs to be constructed with a non-empty, valid `PrismaClientOptions`:

```
new PrismaClient({
  ...
})
```

or

```
constructor() {
  super({ ... });
}
```
          
    at new t (C:\Users\joelm\Downloads\igav\node_modules\.pnpm\@prisma+client@7.4.2_prisma_49b4b128965f74ea9bbd7586bc0c7d7a\node_modules\@prisma\client\src\runtime\getPrismaClient.ts:260:15)
    at <anonymous> (C:\Users\joelm\Downloads\igav\test_prisma.ts:3:16)
    at Object.<anonymous> (C:\Users\joelm\Downloads\igav\test_prisma.ts:19:6)
    at Module._compile (node:internal/modules/cjs/loader:1761:14)
    at Object.transformer (C:\Users\joelm\Downloads\igav\node_modules\.pnpm\tsx@4.21.0\node_modules\tsx\dist\register-D46fvsV_.cjs:3:1104)
    at Module.load (node:internal/modules/cjs/loader:1481:32)
    at Module._load (node:internal/modules/cjs/loader:1300:12)
    at TracingChannel.traceSync (node:diagnostics_channel:328:14)
    at wrapModuleLoad (node:internal/modules/cjs/loader:245:24)
    at loadCJSModuleWithModuleLoad (node:internal/modules/esm/translators:336:3) {
  clientVersion: '7.4.2',
  errorCode: undefined,
  retryable: undefined
}

Node.js v24.11.1
