.next/types/validator.ts(42,39): error TS2307: Cannot find module '../../src/app/(superadmin)/superadmin/tenants/page.js' or its corresponding type declarations.
.next/types/validator.ts(327,39): error TS2307: Cannot find module '../../src/app/(superadmin)/superadmin/layout.js' or its corresponding type declarations.
src/application/tenant/use-cases/process-transaction/ProcessTransaction.usecase.ts(9,40): error TS2307: Cannot find module '../addClientCredit.usecase' or its corresponding type declarations.
src/application/tenant/use-cases/process-transaction/ReservationTransactionStrategy.ts(5,42): error TS2307: Cannot find module '../createReservation.usecase' or its corresponding type declarations.
src/application/tenant/use-cases/process-transaction/SaleTransactionStrategy.ts(5,35): error TS2307: Cannot find module '../createSale.usecase' or its corresponding type declarations.
src/application/tenant/use-cases/registerPayment.usecase.ts(5,40): error TS2307: Cannot find module './addClientCredit.usecase' or its corresponding type declarations.
src/application/tenant/use-cases/reservation/cancelReservation.usecase.ts(1,39): error TS2307: Cannot find module '../../domain/repositories/ReservationRepository' or its corresponding type declarations.
src/application/tenant/use-cases/reservation/cancelReservation.usecase.ts(2,35): error TS2307: Cannot find module '../../domain/repositories/PaymentRepository' or its corresponding type declarations.
src/application/tenant/use-cases/reservation/cancelReservation.usecase.ts(3,37): error TS2307: Cannot find module '../../domain/repositories/OperationRepository' or its corresponding type declarations.
src/application/tenant/use-cases/reservation/cancelReservation.usecase.ts(30,8): error TS7006: Parameter 'acc' implicitly has an 'any' type.
src/application/tenant/use-cases/reservation/cancelReservation.usecase.ts(30,13): error TS7006: Parameter 'p' implicitly has an 'any' type.
src/application/tenant/use-cases/reservation/cancelReservation.usecase.ts(36,24): error TS7006: Parameter 'p' implicitly has an 'any' type.
src/application/tenant/use-cases/reservation/convertReservation.usecase.ts(1,29): error TS2307: Cannot find module '../../types/reservation/type.reservation' or its corresponding type declarations.
src/application/tenant/use-cases/reservation/convertReservation.usecase.ts(2,33): error TS2307: Cannot find module '../../types/reservation/type.reservationItem' or its corresponding type declarations.
src/application/tenant/use-cases/reservation/convertReservation.usecase.ts(3,42): error TS2307: Cannot find module '../dtos/RentalFromReservationDTO' or its corresponding type declarations.
src/application/tenant/use-cases/reservation/convertReservation.usecase.ts(4,40): error TS2307: Cannot find module '../dtos/SaleFromReservationDTO' or its corresponding type declarations.
src/application/tenant/use-cases/reservation/convertReservation.usecase.ts(5,40): error TS2307: Cannot find module '@/src/infrastructure/factories/processTransaction.factory' or its corresponding type declarations.
src/application/tenant/use-cases/reservation/convertReservation.usecase.ts(6,39): error TS2307: Cannot find module '../../domain/repositories/ReservationRepository' or its corresponding type declarations.
src/application/tenant/use-cases/sale/cancelSale.usecase.ts(1,32): error TS2307: Cannot find module '../../domain/repositories/SaleRepository' or its corresponding type declarations.
src/application/tenant/use-cases/sale/cancelSale.usecase.ts(2,40): error TS2307: Cannot find module '../../domain/repositories/SaleReversalRepository' or its corresponding type declarations.
src/application/tenant/use-cases/sale/cancelSale.usecase.ts(3,37): error TS2307: Cannot find module '../../domain/repositories/InventoryRepository' or its corresponding type declarations.
src/application/tenant/use-cases/sale/cancelSale.usecase.ts(4,35): error TS2307: Cannot find module '../../domain/repositories/PaymentRepository' or its corresponding type declarations.
src/application/tenant/use-cases/sale/cancelSale.usecase.ts(5,37): error TS2307: Cannot find module '../../domain/repositories/OperationRepository' or its corresponding type declarations.
src/application/tenant/use-cases/sale/cancelSale.usecase.ts(7,30): error TS2307: Cannot find module '../../types/sales/type.saleReversal' or its corresponding type declarations.
src/application/tenant/use-cases/sale/cancelSale.usecase.ts(57,34): error TS7006: Parameter 'item' implicitly has an 'any' type.
src/application/tenant/use-cases/sale/cancelSale.usecase.ts(78,23): error TS7006: Parameter 'payment' implicitly has an 'any' type.
src/application/tenant/use-cases/sale/createSale.usecase.ts(1,32): error TS2307: Cannot find module '../../domain/repositories/SaleRepository' or its corresponding type declarations.
src/application/tenant/use-cases/sale/createSale.usecase.ts(2,37): error TS2307: Cannot find module '../../domain/repositories/InventoryRepository' or its corresponding type declarations.
src/application/tenant/use-cases/sale/createSale.usecase.ts(3,39): error TS2307: Cannot find module '../../domain/repositories/ReservationRepository' or its corresponding type declarations.
src/application/tenant/use-cases/sale/createSale.usecase.ts(54,14): error TS7006: Parameter 'ri' implicitly has an 'any' type.
src/application/tenant/use-cases/sale/deliverSale.usecase.ts(1,32): error TS2307: Cannot find module '../../domain/repositories/SaleRepository' or its corresponding type declarations.
src/application/tenant/use-cases/sale/deliverSale.usecase.ts(2,37): error TS2307: Cannot find module '../../domain/repositories/InventoryRepository' or its corresponding type declarations.
src/application/tenant/use-cases/sale/deliverSale.usecase.ts(3,39): error TS2307: Cannot find module '../../domain/repositories/ReservationRepository' or its corresponding type declarations.
src/application/tenant/use-cases/sale/deliverSale.usecase.ts(4,22): error TS2307: Cannot find module '../../types/sales/type.sale' or its corresponding type declarations.
src/application/tenant/use-cases/sale/deliverSale.usecase.ts(33,24): error TS7006: Parameter 'item' implicitly has an 'any' type.
src/components/superadmin/features/features-table.tsx(70,18): error TS2322: Type '"success" | "secondary"' is not assignable to type '"default" | "secondary" | "destructive" | "outline" | null | undefined'.
  Type '"success"' is not assignable to type '"default" | "secondary" | "destructive" | "outline" | null | undefined'.
src/components/superadmin/plans/table/plans-table.tsx(130,18): error TS2322: Type '"success" | "secondary"' is not assignable to type '"default" | "secondary" | "destructive" | "outline" | null | undefined'.
  Type '"success"' is not assignable to type '"default" | "secondary" | "destructive" | "outline" | null | undefined'.
src/components/superadmin/plans/ui/modal/CreatePlanModal.tsx(68,5): error TS2322: Type 'Resolver<{ name: string; priceMonthly: number; priceYearly: number; description?: string | undefined; trialDays?: number | undefined; sortOrder?: number | undefined; isActive?: boolean | undefined; currency?: string | undefined; }, any, { ...; }>' is not assignable to type 'Resolver<{ name: string; priceMonthly: number; priceYearly: number; sortOrder: number; isActive: boolean; currency: string; description?: string | undefined; trialDays?: number | undefined; }, any, { ...; }>'.
  Types of parameters 'options' and 'options' are incompatible.
    Type 'ResolverOptions<{ name: string; priceMonthly: number; priceYearly: number; sortOrder: number; isActive: boolean; currency: string; description?: string | undefined; trialDays?: number | undefined; }>' is not assignable to type 'ResolverOptions<{ name: string; priceMonthly: number; priceYearly: number; description?: string | undefined; trialDays?: number | undefined; sortOrder?: number | undefined; isActive?: boolean | undefined; currency?: string | undefined; }>'.
      Type 'number | undefined' is not assignable to type 'number'.
        Type 'undefined' is not assignable to type 'number'.
src/components/superadmin/plans/ui/modal/CreatePlanModal.tsx(126,38): error TS2345: Argument of type '(data: CreatePlanForm) => Promise<void>' is not assignable to parameter of type 'SubmitHandler<TFieldValues>'.
  Types of parameters 'data' and 'data' are incompatible.
    Type 'TFieldValues' is not assignable to type '{ name: string; priceMonthly: number; priceYearly: number; sortOrder: number; isActive: boolean; currency: string; description?: string | undefined; trialDays?: number | undefined; }'.
      Type 'FieldValues' is missing the following properties from type '{ name: string; priceMonthly: number; priceYearly: number; sortOrder: number; isActive: boolean; currency: string; description?: string | undefined; trialDays?: number | undefined; }': name, priceMonthly, priceYearly, sortOrder, and 2 more.
src/components/superadmin/subscription/subscription-table.tsx(84,19): error TS2322: Type '"success" | "warning" | "secondary" | "destructive"' is not assignable to type '"default" | "secondary" | "destructive" | "outline" | null | undefined'.
  Type '"success"' is not assignable to type '"default" | "secondary" | "destructive" | "outline" | null | undefined'.
src/components/superadmin/tenants/table/tenants-table.tsx(112,23): error TS2322: Type '"success" | "destructive"' is not assignable to type '"default" | "secondary" | "destructive" | "outline" | null | undefined'.
  Type '"success"' is not assignable to type '"default" | "secondary" | "destructive" | "outline" | null | undefined'.
src/components/tenant/home/catalog-product-card.tsx(181,26): error TS2339: Property 'defaultTransferTime' does not exist on type '{ tenantId: string; currency: string; tax: { rate: number; calculationMode: "TAX_INCLUDED" | "TAX_EXCLUDED"; rounding: { strategy: "HALF_UP" | "HALF_EVEN" | "FLOOR" | "CEIL"; applyOn: "LINE" | "TOTAL"; roundTo: number; }; }; ... 4 more ...; createdAt: Date; }'.
src/components/tenant/home/home-product-grid.tsx(116,21): error TS2339: Property 'role' does not exist on type '{ id: string; userName: string; firstName: string; lastName: string; email: string; status: "active" | "suspended" | "inactive" | "blocked"; createdAt: Date; updatedAt: Date; phone?: string | undefined; ... 4 more ...; deletedBy?: string | undefined; }'.
src/components/tenant/home/home-product-grid.tsx(137,48): error TS2339: Property 'role' does not exist on type '{ id: string; userName: string; firstName: string; lastName: string; email: string; status: "active" | "suspended" | "inactive" | "blocked"; createdAt: Date; updatedAt: Date; phone?: string | undefined; ... 4 more ...; deletedBy?: string | undefined; }'.
src/components/tenant/home/ui/direct-transaction/DirectTransactionModal.tsx(29,40): error TS2307: Cannot find module '@/src/infrastructure/factories/processTransaction.factory' or its corresponding type declarations.
src/components/tenant/home/ui/direct-transaction/DirectTransactionModal.tsx(119,19): error TS2339: Property 'openHours' does not exist on type '{ taxRate: number; currency: string; rentalDaysDefault: number; securityDepositPercentage: number; }'.
src/components/tenant/home/ui/direct-transaction/DirectTransactionModal.tsx(122,19): error TS2339: Property 'openHours' does not exist on type '{ taxRate: number; currency: string; rentalDaysDefault: number; securityDepositPercentage: number; }'.
src/components/tenant/home/ui/reservation/ReservationModal.tsx(16,40): error TS2307: Cannot find module '@/src/infrastructure/factories/processTransaction.factory' or its corresponding type declarations.
src/components/tenant/home/ui/reservation/ReservationModal.tsx(61,19): error TS2339: Property 'openHours' does not exist on type '{ taxRate: number; currency: string; rentalDaysDefault: number; securityDepositPercentage: number; }'.
src/components/tenant/home/ui/reservation/ReservationModal.tsx(64,19): error TS2339: Property 'openHours' does not exist on type '{ taxRate: number; currency: string; rentalDaysDefault: number; securityDepositPercentage: number; }'.
src/components/tenant/inventory/catalogs/attribute-value/attribute-layout.tsx(37,41): error TS2345: Argument of type 'ZustandAttributeTypeRepository' is not assignable to parameter of type 'AttributeTypeRepository'.
  Types of property 'updateAttributeType' are incompatible.
    Type '(attributeTypeId: string, updates: Partial<{ id: string; tenantId: string; name: string; code: string; inputType: "number" | "boolean" | "text" | "select" | "color" | "date"; isVariant: boolean; affectsSku: boolean; isActive: boolean; }>) => void' is not assignable to type '(tenantId: string, attributeTypeId: string, updates: Partial<{ id: string; tenantId: string; name: string; code: string; inputType: "number" | "boolean" | "text" | "select" | "color" | "date"; isVariant: boolean; affectsSku: boolean; isActive: boolean; }>) => void'.
      Types of parameters 'updates' and 'attributeTypeId' are incompatible.
        Type 'string' has no properties in common with type 'Partial<{ id: string; tenantId: string; name: string; code: string; inputType: "number" | "boolean" | "text" | "select" | "color" | "date"; isVariant: boolean; affectsSku: boolean; isActive: boolean; }>'.
src/components/tenant/inventory/catalogs/attribute-value/attribute-layout.tsx(42,59): error TS2345: Argument of type 'ZustandAttributeTypeRepository' is not assignable to parameter of type 'AttributeTypeRepository'.
  Types of property 'updateAttributeType' are incompatible.
    Type '(attributeTypeId: string, updates: Partial<{ id: string; tenantId: string; name: string; code: string; inputType: "number" | "boolean" | "text" | "select" | "color" | "date"; isVariant: boolean; affectsSku: boolean; isActive: boolean; }>) => void' is not assignable to type '(tenantId: string, attributeTypeId: string, updates: Partial<{ id: string; tenantId: string; name: string; code: string; inputType: "number" | "boolean" | "text" | "select" | "color" | "date"; isVariant: boolean; affectsSku: boolean; isActive: boolean; }>) => void'.
      Types of parameters 'updates' and 'attributeTypeId' are incompatible.
        Type 'string' has no properties in common with type 'Partial<{ id: string; tenantId: string; name: string; code: string; inputType: "number" | "boolean" | "text" | "select" | "color" | "date"; isVariant: boolean; affectsSku: boolean; isActive: boolean; }>'.
src/components/tenant/inventory/catalogs/attribute-value/attribute-layout.tsx(47,59): error TS2345: Argument of type 'ZustandAttributeTypeRepository' is not assignable to parameter of type 'AttributeTypeRepository'.
  Types of property 'updateAttributeType' are incompatible.
    Type '(attributeTypeId: string, updates: Partial<{ id: string; tenantId: string; name: string; code: string; inputType: "number" | "boolean" | "text" | "select" | "color" | "date"; isVariant: boolean; affectsSku: boolean; isActive: boolean; }>) => void' is not assignable to type '(tenantId: string, attributeTypeId: string, updates: Partial<{ id: string; tenantId: string; name: string; code: string; inputType: "number" | "boolean" | "text" | "select" | "color" | "date"; isVariant: boolean; affectsSku: boolean; isActive: boolean; }>) => void'.
      Types of parameters 'updates' and 'attributeTypeId' are incompatible.
        Type 'string' has no properties in common with type 'Partial<{ id: string; tenantId: string; name: string; code: string; inputType: "number" | "boolean" | "text" | "select" | "color" | "date"; isVariant: boolean; affectsSku: boolean; isActive: boolean; }>'.
src/components/tenant/inventory/catalogs/attributes-type/attributes-layout.tsx(31,42): error TS2345: Argument of type 'ZustandAttributeTypeRepository' is not assignable to parameter of type 'AttributeTypeRepository'.
  Types of property 'updateAttributeType' are incompatible.
    Type '(attributeTypeId: string, updates: Partial<{ id: string; tenantId: string; name: string; code: string; inputType: "number" | "boolean" | "text" | "select" | "color" | "date"; isVariant: boolean; affectsSku: boolean; isActive: boolean; }>) => void' is not assignable to type '(tenantId: string, attributeTypeId: string, updates: Partial<{ id: string; tenantId: string; name: string; code: string; inputType: "number" | "boolean" | "text" | "select" | "color" | "date"; isVariant: boolean; affectsSku: boolean; isActive: boolean; }>) => void'.
      Types of parameters 'updates' and 'attributeTypeId' are incompatible.
        Type 'string' has no properties in common with type 'Partial<{ id: string; tenantId: string; name: string; code: string; inputType: "number" | "boolean" | "text" | "select" | "color" | "date"; isVariant: boolean; affectsSku: boolean; isActive: boolean; }>'.
src/components/tenant/inventory/catalogs/attributes-type/attributes-layout.tsx(35,42): error TS2345: Argument of type 'ZustandAttributeTypeRepository' is not assignable to parameter of type 'AttributeTypeRepository'.
  Types of property 'updateAttributeType' are incompatible.
    Type '(attributeTypeId: string, updates: Partial<{ id: string; tenantId: string; name: string; code: string; inputType: "number" | "boolean" | "text" | "select" | "color" | "date"; isVariant: boolean; affectsSku: boolean; isActive: boolean; }>) => void' is not assignable to type '(tenantId: string, attributeTypeId: string, updates: Partial<{ id: string; tenantId: string; name: string; code: string; inputType: "number" | "boolean" | "text" | "select" | "color" | "date"; isVariant: boolean; affectsSku: boolean; isActive: boolean; }>) => void'.
      Types of parameters 'updates' and 'attributeTypeId' are incompatible.
        Type 'string' has no properties in common with type 'Partial<{ id: string; tenantId: string; name: string; code: string; inputType: "number" | "boolean" | "text" | "select" | "color" | "date"; isVariant: boolean; affectsSku: boolean; isActive: boolean; }>'.
src/components/tenant/inventory/catalogs/attributes-type/attributes-layout.tsx(39,42): error TS2345: Argument of type 'ZustandAttributeTypeRepository' is not assignable to parameter of type 'AttributeTypeRepository'.
  Types of property 'updateAttributeType' are incompatible.
    Type '(attributeTypeId: string, updates: Partial<{ id: string; tenantId: string; name: string; code: string; inputType: "number" | "boolean" | "text" | "select" | "color" | "date"; isVariant: boolean; affectsSku: boolean; isActive: boolean; }>) => void' is not assignable to type '(tenantId: string, attributeTypeId: string, updates: Partial<{ id: string; tenantId: string; name: string; code: string; inputType: "number" | "boolean" | "text" | "select" | "color" | "date"; isVariant: boolean; affectsSku: boolean; isActive: boolean; }>) => void'.
      Types of parameters 'updates' and 'attributeTypeId' are incompatible.
        Type 'string' has no properties in common with type 'Partial<{ id: string; tenantId: string; name: string; code: string; inputType: "number" | "boolean" | "text" | "select" | "color" | "date"; isVariant: boolean; affectsSku: boolean; isActive: boolean; }>'.
src/components/tenant/inventory/catalogs/attributes-type/attributes-layout.tsx(43,41): error TS2345: Argument of type 'ZustandAttributeTypeRepository' is not assignable to parameter of type 'AttributeTypeRepository'.
  Types of property 'updateAttributeType' are incompatible.
    Type '(attributeTypeId: string, updates: Partial<{ id: string; tenantId: string; name: string; code: string; inputType: "number" | "boolean" | "text" | "select" | "color" | "date"; isVariant: boolean; affectsSku: boolean; isActive: boolean; }>) => void' is not assignable to type '(tenantId: string, attributeTypeId: string, updates: Partial<{ id: string; tenantId: string; name: string; code: string; inputType: "number" | "boolean" | "text" | "select" | "color" | "date"; isVariant: boolean; affectsSku: boolean; isActive: boolean; }>) => void'.
      Types of parameters 'updates' and 'attributeTypeId' are incompatible.
        Type 'string' has no properties in common with type 'Partial<{ id: string; tenantId: string; name: string; code: string; inputType: "number" | "boolean" | "text" | "select" | "color" | "date"; isVariant: boolean; affectsSku: boolean; isActive: boolean; }>'.
src/components/tenant/policies/tenant-policies-module.tsx(28,5): error TS2322: Type 'Resolver<{ id: string; tenantId: string; version: number; sales: { allowReturns: boolean; maxReturnDays: number; allowPriceEdit: boolean; requireReasonForCancel: boolean; autoCompleteDelivery: boolean; }; ... 8 more ...; changeReason?: string | undefined; }, any, { ...; }>' is not assignable to type 'Resolver<{ id: string; tenantId: string; version: number; isActive: boolean; sales: { allowReturns: boolean; maxReturnDays: number; allowPriceEdit: boolean; requireReasonForCancel: boolean; autoCompleteDelivery: boolean; }; ... 7 more ...; changeReason?: string | undefined; }, any, { ...; }>'.
  Types of parameters 'options' and 'options' are incompatible.
    Type 'ResolverOptions<{ id: string; tenantId: string; version: number; isActive: boolean; sales: { allowReturns: boolean; maxReturnDays: number; allowPriceEdit: boolean; requireReasonForCancel: boolean; autoCompleteDelivery: boolean; }; ... 7 more ...; changeReason?: string | undefined; }>' is not assignable to type 'ResolverOptions<{ id: string; tenantId: string; version: number; sales: { allowReturns: boolean; maxReturnDays: number; allowPriceEdit: boolean; requireReasonForCancel: boolean; autoCompleteDelivery: boolean; }; ... 8 more ...; changeReason?: string | undefined; }>'.
      Type 'boolean | undefined' is not assignable to type 'boolean'.
        Type 'undefined' is not assignable to type 'boolean'.
src/components/tenant/pos/modals/PosCheckoutModal.tsx(22,40): error TS2307: Cannot find module '@/src/infrastructure/factories/processTransaction.factory' or its corresponding type declarations.
src/components/tenant/pos/modals/PosCheckoutModal.tsx(110,65): error TS2339: Property 'openHours' does not exist on type '{ tenantId: string; currency: string; tax: { rate: number; calculationMode: "TAX_INCLUDED" | "TAX_EXCLUDED"; rounding: { strategy: "HALF_UP" | "HALF_EVEN" | "FLOOR" | "CEIL"; applyOn: "LINE" | "TOTAL"; roundTo: number; }; }; ... 4 more ...; createdAt: Date; }'.
src/components/tenant/pos/modals/PosCheckoutModal.tsx(111,65): error TS2339: Property 'openHours' does not exist on type '{ tenantId: string; currency: string; tax: { rate: number; calculationMode: "TAX_INCLUDED" | "TAX_EXCLUDED"; rounding: { strategy: "HALF_UP" | "HALF_EVEN" | "FLOOR" | "CEIL"; applyOn: "LINE" | "TOTAL"; roundTo: number; }; }; ... 4 more ...; createdAt: Date; }'.
src/components/tenant/pos/modals/PosCheckoutModal.tsx(153,20): error TS2552: Cannot find name 'BUSINESS_RULES_MOCK'. Did you mean 'businessRules'?
src/components/tenant/pos/modals/PosReservationModal.tsx(21,40): error TS2307: Cannot find module '@/src/infrastructure/factories/processTransaction.factory' or its corresponding type declarations.
src/components/tenant/pos/modals/PosReservationModal.tsx(78,19): error TS2339: Property 'openHours' does not exist on type '{ tenantId: string; currency: string; tax: { rate: number; calculationMode: "TAX_INCLUDED" | "TAX_EXCLUDED"; rounding: { strategy: "HALF_UP" | "HALF_EVEN" | "FLOOR" | "CEIL"; applyOn: "LINE" | "TOTAL"; roundTo: number; }; }; ... 4 more ...; createdAt: Date; }'.
src/components/tenant/pos/modals/PosReservationModal.tsx(81,19): error TS2339: Property 'openHours' does not exist on type '{ tenantId: string; currency: string; tax: { rate: number; calculationMode: "TAX_INCLUDED" | "TAX_EXCLUDED"; rounding: { strategy: "HALF_UP" | "HALF_EVEN" | "FLOOR" | "CEIL"; applyOn: "LINE" | "TOTAL"; roundTo: number; }; }; ... 4 more ...; createdAt: Date; }'.
src/components/tenant/pos/pos-cart-section.tsx(47,19): error TS2339: Property 'openHours' does not exist on type '{ tenantId: string; currency: string; tax: { rate: number; calculationMode: "TAX_INCLUDED" | "TAX_EXCLUDED"; rounding: { strategy: "HALF_UP" | "HALF_EVEN" | "FLOOR" | "CEIL"; applyOn: "LINE" | "TOTAL"; roundTo: number; }; }; ... 4 more ...; createdAt: Date; }'.
src/components/tenant/pos/pos-cart-section.tsx(50,19): error TS2339: Property 'openHours' does not exist on type '{ tenantId: string; currency: string; tax: { rate: number; calculationMode: "TAX_INCLUDED" | "TAX_EXCLUDED"; rounding: { strategy: "HALF_UP" | "HALF_EVEN" | "FLOOR" | "CEIL"; applyOn: "LINE" | "TOTAL"; roundTo: number; }; }; ... 4 more ...; createdAt: Date; }'.
src/components/tenant/pos/pos-cart-section.tsx(71,31): error TS2339: Property 'openHours' does not exist on type '{ tenantId: string; currency: string; tax: { rate: number; calculationMode: "TAX_INCLUDED" | "TAX_EXCLUDED"; rounding: { strategy: "HALF_UP" | "HALF_EVEN" | "FLOOR" | "CEIL"; applyOn: "LINE" | "TOTAL"; roundTo: number; }; }; ... 4 more ...; createdAt: Date; }'.
src/components/tenant/pos/pos-cart-section.tsx(79,19): error TS2339: Property 'openHours' does not exist on type '{ tenantId: string; currency: string; tax: { rate: number; calculationMode: "TAX_INCLUDED" | "TAX_EXCLUDED"; rounding: { strategy: "HALF_UP" | "HALF_EVEN" | "FLOOR" | "CEIL"; applyOn: "LINE" | "TOTAL"; roundTo: number; }; }; ... 4 more ...; createdAt: Date; }'.
src/components/tenant/subscription/suscription-layout.tsx(11,28): error TS2307: Cannot find module '@/src/mocks/mock.plans' or its corresponding type declarations.
src/components/tenant/subscription/suscription-layout.tsx(12,36): error TS2307: Cannot find module '@/src/mocks/mock.planFeature' or its corresponding type declarations.
src/components/tenant/subscription/suscription-layout.tsx(13,34): error TS2307: Cannot find module '@/src/mocks/mock.planLimit' or its corresponding type declarations.
src/components/tenant/subscription/suscription-layout.tsx(14,44): error TS2307: Cannot find module '@/src/mocks/mock.tenantSuscription' or its corresponding type declarations.
src/components/tenant/subscription/suscription-layout.tsx(41,28): error TS7006: Parameter 'p' implicitly has an 'any' type.
src/domain/tenant/services/bundle.service.ts(6,47): error TS2307: Cannot find module '../../types/bussines-rules/bussines-rules' or its corresponding type declarations.
src/hooks/usePlanFeatures.ts(5,36): error TS2307: Cannot find module '@/src/mocks/mock.planFeature' or its corresponding type declarations.
src/hooks/usePlanFeatures.ts(31,8): error TS7006: Parameter 'pf' implicitly has an 'any' type.
src/hooks/usePlanFeatures.ts(32,12): error TS7006: Parameter 'pf' implicitly has an 'any' type.
src/infrastructure/tenant/factories/processTransaction.factory.ts(1,43): error TS2307: Cannot find module '../../application/use-cases/process-transaction/ProcessTransaction.usecase' or its corresponding type declarations.
src/infrastructure/tenant/factories/processTransaction.factory.ts(4,41): error TS2307: Cannot find module '../../application/use-cases/process-transaction/SaleTransactionStrategy' or its corresponding type declarations.
src/infrastructure/tenant/factories/processTransaction.factory.ts(5,43): error TS2307: Cannot find module '../../application/use-cases/process-transaction/RentalTransactionStrategy' or its corresponding type declarations.
src/infrastructure/tenant/factories/processTransaction.factory.ts(6,48): error TS2307: Cannot find module '../../application/use-cases/process-transaction/ReservationTransactionStrategy' or its corresponding type declarations.
src/infrastructure/tenant/factories/processTransaction.factory.ts(15,40): error TS2307: Cannot find module '../../application/use-cases/createOperation.usecase' or its corresponding type declarations.
src/infrastructure/tenant/factories/processTransaction.factory.ts(16,46): error TS2307: Cannot find module '../../application/use-cases/processInitialPayment.usecase' or its corresponding type declarations.
src/infrastructure/tenant/factories/processTransaction.factory.ts(18,38): error TS2307: Cannot find module '../../application/use-cases/rewardLoyalty.usecase' or its corresponding type declarations.
src/infrastructure/tenant/factories/processTransaction.factory.ts(19,40): error TS2307: Cannot find module '../../application/use-cases/processReferral.usecase' or its corresponding type declarations.
src/infrastructure/tenant/stores-adapters/ZustandAttributeTypeRepository.ts(10,3): error TS2416: Property 'updateAttributeType' in type 'ZustandAttributeTypeRepository' is not assignable to the same property in base type 'AttributeTypeRepository'.
  Type '(attributeTypeId: string, updates: Partial<{ id: string; tenantId: string; name: string; code: string; inputType: "number" | "boolean" | "text" | "select" | "color" | "date"; isVariant: boolean; affectsSku: boolean; isActive: boolean; }>) => void' is not assignable to type '(tenantId: string, attributeTypeId: string, updates: Partial<{ id: string; tenantId: string; name: string; code: string; inputType: "number" | "boolean" | "text" | "select" | "color" | "date"; isVariant: boolean; affectsSku: boolean; isActive: boolean; }>) => void'.
    Types of parameters 'updates' and 'attributeTypeId' are incompatible.
      Type 'string' has no properties in common with type 'Partial<{ id: string; tenantId: string; name: string; code: string; inputType: "number" | "boolean" | "text" | "select" | "color" | "date"; isVariant: boolean; affectsSku: boolean; isActive: boolean; }>'.
src/mocks/mock.branch.ts(58,3): error TS2741: Property 'id' is missing in type '{ branchId: string; openHours: { open: string; close: string; }; daysInLaundry: number; daysInMaintenance: number; createdAt: Date; updatedAt: Date; }' but required in type '{ id: string; branchId: string; openHours: { open: string; close: string; }; daysInLaundry: number; daysInMaintenance: number; createdAt: Date; updatedAt: Date; }'.
src/mocks/mock.branch.ts(69,3): error TS2741: Property 'id' is missing in type '{ branchId: string; openHours: { open: string; close: string; }; daysInLaundry: number; daysInMaintenance: number; createdAt: Date; updatedAt: Date; }' but required in type '{ id: string; branchId: string; openHours: { open: string; close: string; }; daysInLaundry: number; daysInMaintenance: number; createdAt: Date; updatedAt: Date; }'.
src/mocks/mock.category.ts(4,3): error TS2741: Property 'tenantId' is missing in type '{ id: string; name: string; isActive: true; createdAt: Date; updatedAt: Date; }' but required in type '{ id: string; name: string; tenantId: string; isActive: boolean; createdAt: Date; updatedAt: Date; description?: string | undefined; parentId?: string | undefined; level?: number | undefined; ... 11 more ...; updatedBy?: string | undefined; }'.
src/mocks/mock.category.ts(11,3): error TS2741: Property 'tenantId' is missing in type '{ id: string; name: string; isActive: true; createdAt: Date; updatedAt: Date; }' but required in type '{ id: string; name: string; tenantId: string; isActive: boolean; createdAt: Date; updatedAt: Date; description?: string | undefined; parentId?: string | undefined; level?: number | undefined; ... 11 more ...; updatedBy?: string | undefined; }'.
src/mocks/mock.category.ts(20,3): error TS2741: Property 'tenantId' is missing in type '{ id: string; name: string; parentId: string; isActive: true; createdAt: Date; updatedAt: Date; }' but required in type '{ id: string; name: string; tenantId: string; isActive: boolean; createdAt: Date; updatedAt: Date; description?: string | undefined; parentId?: string | undefined; level?: number | undefined; ... 11 more ...; updatedBy?: string | undefined; }'.
src/mocks/mock.category.ts(28,3): error TS2741: Property 'tenantId' is missing in type '{ id: string; name: string; parentId: string; isActive: true; createdAt: Date; updatedAt: Date; }' but required in type '{ id: string; name: string; tenantId: string; isActive: boolean; createdAt: Date; updatedAt: Date; description?: string | undefined; parentId?: string | undefined; level?: number | undefined; ... 11 more ...; updatedBy?: string | undefined; }'.
src/mocks/mock.category.ts(36,3): error TS2741: Property 'tenantId' is missing in type '{ id: string; name: string; parentId: string; isActive: true; createdAt: Date; updatedAt: Date; }' but required in type '{ id: string; name: string; tenantId: string; isActive: boolean; createdAt: Date; updatedAt: Date; description?: string | undefined; parentId?: string | undefined; level?: number | undefined; ... 11 more ...; updatedBy?: string | undefined; }'.
src/mocks/mock.operation.ts(4,3): error TS2741: Property 'customerMode' is missing in type '{ id: string; referenceCode: string; branchId: string; sellerId: string; customerId: string; type: "reserva"; status: "pendiente"; paymentStatus: "parcial"; subtotal: number; discountAmount: number; totalAmount: number; date: Date; createdAt: Date; }' but required in type '{ id: string; referenceCode: string; branchId: string; sellerId: string; type: "alquiler" | "venta" | "reserva"; customerMode: "registered" | "general"; customerId: string; status: "pendiente" | "en_progreso" | "completado" | "cancelado"; ... 5 more ...; discountAmount?: number | undefined; }'.
src/mocks/mock.operation.ts(19,3): error TS2741: Property 'customerMode' is missing in type '{ id: string; referenceCode: string; branchId: string; sellerId: string; customerId: string; type: "alquiler"; status: "pendiente"; paymentStatus: "parcial"; subtotal: number; discountAmount: number; totalAmount: number; date: Date; createdAt: Date; }' but required in type '{ id: string; referenceCode: string; branchId: string; sellerId: string; type: "alquiler" | "venta" | "reserva"; customerMode: "registered" | "general"; customerId: string; status: "pendiente" | "en_progreso" | "completado" | "cancelado"; ... 5 more ...; discountAmount?: number | undefined; }'.
src/mocks/mock.operation.ts(34,3): error TS2741: Property 'customerMode' is missing in type '{ id: string; referenceCode: string; branchId: string; sellerId: string; customerId: string; type: "alquiler"; status: "pendiente"; paymentStatus: "parcial"; subtotal: number; discountAmount: number; totalAmount: number; date: Date; createdAt: Date; }' but required in type '{ id: string; referenceCode: string; branchId: string; sellerId: string; type: "alquiler" | "venta" | "reserva"; customerMode: "registered" | "general"; customerId: string; status: "pendiente" | "en_progreso" | "completado" | "cancelado"; ... 5 more ...; discountAmount?: number | undefined; }'.
src/mocks/mock.payment.ts(16,5): error TS2353: Object literal may only specify known properties, and 'method' does not exist in type '{ id: string; operationId: string; branchId: string; receivedById: string; amount: number; direction: "in" | "out"; paymentMethodId: string; createdAt: Date; currency: string; status: "pending" | "posted"; ... 5 more ...; notes?: string | undefined; }'.
src/mocks/mock.payment.ts(31,5): error TS2353: Object literal may only specify known properties, and 'method' does not exist in type '{ id: string; operationId: string; branchId: string; receivedById: string; amount: number; direction: "in" | "out"; paymentMethodId: string; createdAt: Date; currency: string; status: "pending" | "posted"; ... 5 more ...; notes?: string | undefined; }'.
src/mocks/mock.payment.ts(51,5): error TS2353: Object literal may only specify known properties, and 'method' does not exist in type '{ id: string; operationId: string; branchId: string; receivedById: string; amount: number; direction: "in" | "out"; paymentMethodId: string; createdAt: Date; currency: string; status: "pending" | "posted"; ... 5 more ...; notes?: string | undefined; }'.
src/mocks/mock.payment.ts(66,5): error TS2353: Object literal may only specify known properties, and 'method' does not exist in type '{ id: string; operationId: string; branchId: string; receivedById: string; amount: number; direction: "in" | "out"; paymentMethodId: string; createdAt: Date; currency: string; status: "pending" | "posted"; ... 5 more ...; notes?: string | undefined; }'.
src/mocks/mock.payrollConfig.ts(4,3): error TS2739: Type '{ id: string; membershipId: string; salaryType: "monthly"; baseSalary: number; paySchedule: "monthly"; applyOvertime: true; createdAt: Date; updatedAt: Date; }' is missing the following properties from type '{ id: string; membershipId: string; salaryType: "hourly" | "monthly"; paySchedule: "weekly" | "biweekly" | "semimonthly" | "monthly" | "manual"; applyOvertime: boolean; applyhealthInsurancePercent: boolean; ... 6 more ...; hourlyRate?: number | undefined; }': applyhealthInsurancePercent, applypensionPercent, applytaxPercent, otherDeductions
src/mocks/mock.payrollConfig.ts(14,3): error TS2739: Type '{ id: string; membershipId: string; salaryType: "monthly"; baseSalary: number; paySchedule: "monthly"; applyOvertime: false; createdAt: Date; updatedAt: Date; }' is missing the following properties from type '{ id: string; membershipId: string; salaryType: "hourly" | "monthly"; paySchedule: "weekly" | "biweekly" | "semimonthly" | "monthly" | "manual"; applyOvertime: boolean; applyhealthInsurancePercent: boolean; ... 6 more ...; hourlyRate?: number | undefined; }': applyhealthInsurancePercent, applypensionPercent, applytaxPercent, otherDeductions
src/mocks/mock.payrollConfig.ts(24,3): error TS2739: Type '{ id: string; membershipId: string; salaryType: "hourly"; hourlyRate: number; paySchedule: "monthly"; applyOvertime: true; createdAt: Date; updatedAt: Date; }' is missing the following properties from type '{ id: string; membershipId: string; salaryType: "hourly" | "monthly"; paySchedule: "weekly" | "biweekly" | "semimonthly" | "monthly" | "manual"; applyOvertime: boolean; applyhealthInsurancePercent: boolean; ... 6 more ...; hourlyRate?: number | undefined; }': applyhealthInsurancePercent, applypensionPercent, applytaxPercent, otherDeductions
src/mocks/mock.payrollConfig.ts(34,3): error TS2739: Type '{ id: string; membershipId: string; salaryType: "hourly"; hourlyRate: number; paySchedule: "monthly"; applyOvertime: true; createdAt: Date; updatedAt: Date; }' is missing the following properties from type '{ id: string; membershipId: string; salaryType: "hourly" | "monthly"; paySchedule: "weekly" | "biweekly" | "semimonthly" | "monthly" | "manual"; applyOvertime: boolean; applyhealthInsurancePercent: boolean; ... 6 more ...; hourlyRate?: number | undefined; }': applyhealthInsurancePercent, applypensionPercent, applytaxPercent, otherDeductions
src/mocks/mock.payrollPolicy.ts(4,3): error TS2739: Type '{ id: string; tenantId: string; deductions: { healthInsurancePercent: number; pensionPercent: number; taxPercent: number; }; overtimeMultiplier: number; updatedAt: Date; }' is missing the following properties from type '{ id: string; tenantId: string; deductions: { healthInsurancePercent: number; pensionPercent: number; taxPercent: number; }; overtimeMultiplier: number; createdAt: Date; createdBy: string; updatedAt: Date; updatedBy: string; }': createdAt, createdBy, updatedBy
src/mocks/mock.tenantPolicies.ts(44,3): error TS2353: Object literal may only specify known properties, and 'updatedAt' does not exist in type '{ id: string; tenantId: string; version: number; isActive: boolean; sales: { allowReturns: boolean; maxReturnDays: number; allowPriceEdit: boolean; requireReasonForCancel: boolean; autoCompleteDelivery: boolean; }; ... 7 more ...; changeReason?: string | undefined; }'.
src/mocks/mock.user.ts(8,5): error TS2353: Object literal may only specify known properties, and 'role' does not exist in type '{ id: string; userName: string; firstName: string; lastName: string; email: string; status: "active" | "suspended" | "inactive" | "blocked"; createdAt: Date; updatedAt: Date; phone?: string | undefined; ... 4 more ...; deletedBy?: string | undefined; }'.
src/mocks/mock.user.ts(20,5): error TS2353: Object literal may only specify known properties, and 'role' does not exist in type '{ id: string; userName: string; firstName: string; lastName: string; email: string; status: "active" | "suspended" | "inactive" | "blocked"; createdAt: Date; updatedAt: Date; phone?: string | undefined; ... 4 more ...; deletedBy?: string | undefined; }'.
src/mocks/mock.user.ts(32,5): error TS2353: Object literal may only specify known properties, and 'role' does not exist in type '{ id: string; userName: string; firstName: string; lastName: string; email: string; status: "active" | "suspended" | "inactive" | "blocked"; createdAt: Date; updatedAt: Date; phone?: string | undefined; ... 4 more ...; deletedBy?: string | undefined; }'.
src/store/useCartStore.ts(420,12): error TS2304: Cannot find name 'BUSINESS_RULES_MOCK'.
src/store/useCartStore.ts(505,14): error TS2304: Cannot find name 'BUSINESS_RULES_MOCK'.
src/store/useTenantStore.ts(3,29): error TS2307: Cannot find module '@/src/mocks/mock.tenant' or its corresponding type declarations.
src/store/useTenantSubscriptionStore.ts(2,44): error TS2307: Cannot find module '@/src/mocks/mock.tenantSuscription' or its corresponding type declarations.
src/utils/pricing/applyPricingEngine.ts(1,31): error TS2307: Cannot find module '@/src/types/bussines-rules/bussines-rules' or its corresponding type declarations.
src/utils/reservation/checkAvailability.ts(72,17): error TS2304: Cannot find name 'BUSINESS_RULES_MOCK'.
src/utils/reservation/reservation-date.ts(2,31): error TS2307: Cannot find module '@/src/types/bussines-rules/bussines-rules' or its corresponding type declarations.
src/utils/times/businessTime.ts(12,42): error TS2339: Property 'openHours' does not exist on type '{ tenantId: string; currency: string; tax: { rate: number; calculationMode: "TAX_INCLUDED" | "TAX_EXCLUDED"; rounding: { strategy: "HALF_UP" | "HALF_EVEN" | "FLOOR" | "CEIL"; applyOn: "LINE" | "TOTAL"; roundTo: number; }; }; ... 4 more ...; createdAt: Date; }'.
src/utils/times/businessTime.ts(13,43): error TS2339: Property 'openHours' does not exist on type '{ tenantId: string; currency: string; tax: { rate: number; calculationMode: "TAX_INCLUDED" | "TAX_EXCLUDED"; rounding: { strategy: "HALF_UP" | "HALF_EVEN" | "FLOOR" | "CEIL"; applyOn: "LINE" | "TOTAL"; roundTo: number; }; }; ... 4 more ...; createdAt: Date; }'.
src/utils/transfer/get-estimated-transfer-time.ts(1,31): error TS2307: Cannot find module '@/src/types/bussines-rules/bussines-rules' or its corresponding type declarations.
src/utils/transfer/get-estimated-transfer-time.ts(9,6): error TS7006: Parameter 'r' implicitly has an 'any' type.
